BL51 BANKED LINKER/LOCATER V6.22.4.0                                                    08/05/2026  18:45:08  PAGE 1


BL51 BANKED LINKER/LOCATER V6.22.4.0, INVOKED BY:
C:\KEIL_V5\C51\BIN\BL51.EXE .\Objects\main13.obj TO .\Objects\EXP-13 PRINT (.\Listings\EXP-13.m51)


MEMORY MODEL: SMALL


INPUT MODULES INCLUDED:
  .\Objects\main13.obj (MAIN13)
  C:\KEIL_V5\C51\LIB\C51S.LIB (?C_STARTUP)
  C:\KEIL_V5\C51\LIB\C51S.LIB (?C_INIT)


LINK MAP OF MODULE:  .\Objects\EXP-13 (MAIN13)


            TYPE    BASE      LENGTH    RELOCATION   SEGMENT NAME
            -----------------------------------------------------

            * * * * * * *   D A T A   M E M O R Y   * * * * * * *
            REG     0000H     0008H     ABSOLUTE     "REG BANK 0"
            DATA    0008H     000FH     UNIT         ?DT?MAIN13
            IDATA   0017H     0001H     UNIT         ?STACK

            * * * * * * *   C O D E   M E M O R Y   * * * * * * *
            CODE    0000H     0003H     ABSOLUTE     
                    0003H     07FDH                  *** GAP ***
            CODE    0800H     008CH     UNIT         ?C_C51STARTUP
            CODE    088CH     002FH     UNIT         ?PR?MAIN?MAIN13
            CODE    08BBH     0013H     UNIT         ?C_INITSEG



OVERLAY MAP OF MODULE:   .\Objects\EXP-13 (MAIN13)


SEGMENT
  +--> CALLED SEGMENT
---------------------
?C_C51STARTUP
  +--> ?PR?MAIN?MAIN13
  +--> ?C_INITSEG



SYMBOL TABLE OF MODULE:  .\Objects\EXP-13 (MAIN13)

  VALUE           TYPE          NAME
  ----------------------------------

  -------         MODULE        MAIN13
  C:0000H         SYMBOL        _ICE_DUMMY_
  C:088CH         PUBLIC        main
  D:0008H         PUBLIC        arr
  D:0012H         PUBLIC        sum
  D:0016H         PUBLIC        i
  -------         PROC          MAIN
  C:088CH         LINE#         7
BL51 BANKED LINKER/LOCATER V6.22.4.0                                                  08/05/2026  18:45:08  PAGE 2


  C:088CH         LINE#         8
  C:088CH         LINE#         9
  C:088FH         LINE#         10
  C:088FH         LINE#         11
  C:08B2H         LINE#         12
  C:08B9H         LINE#         14
  -------         ENDPROC       MAIN
  -------         ENDMOD        MAIN13

******************************************************************************
* RESTRICTED VERSION WITH 0800H BYTE CODE SIZE LIMIT; USED: 0041H BYTE ( 3%) *
******************************************************************************

Program Size: data=24.0 xdata=0 code=209
LINK/LOCATE RUN COMPLETE.  0 WARNING(S),  0 ERROR(S)
