BL51 BANKED LINKER/LOCATER V6.22.4.0                                                    08/05/2026  18:50:20  PAGE 1


BL51 BANKED LINKER/LOCATER V6.22.4.0, INVOKED BY:
C:\KEIL_V5\C51\BIN\BL51.EXE .\Objects\main15.obj TO .\Objects\EXP-15 PRINT (.\Listings\EXP-15.m51)


MEMORY MODEL: SMALL


INPUT MODULES INCLUDED:
  .\Objects\main15.obj (MAIN15)
  C:\KEIL_V5\C51\LIB\C51S.LIB (?C_STARTUP)
  C:\KEIL_V5\C51\LIB\C51S.LIB (?C_INIT)


LINK MAP OF MODULE:  .\Objects\EXP-15 (MAIN15)


            TYPE    BASE      LENGTH    RELOCATION   SEGMENT NAME
            -----------------------------------------------------

            * * * * * * *   D A T A   M E M O R Y   * * * * * * *
            REG     0000H     0008H     ABSOLUTE     "REG BANK 0"
            DATA    0008H     0004H     UNIT         ?DT?MAIN15
            IDATA   000CH     0001H     UNIT         ?STACK

            * * * * * * *   C O D E   M E M O R Y   * * * * * * *
            CODE    0000H     0003H     ABSOLUTE     
                    0003H     07FDH                  *** GAP ***
            CODE    0800H     008CH     UNIT         ?C_C51STARTUP
            CODE    088CH     002AH     UNIT         ?PR?MAIN?MAIN15
            CODE    08B6H     0004H     UNIT         ?C_INITSEG



OVERLAY MAP OF MODULE:   .\Objects\EXP-15 (MAIN15)


SEGMENT
  +--> CALLED SEGMENT
---------------------
?C_C51STARTUP
  +--> ?PR?MAIN?MAIN15
  +--> ?C_INITSEG



SYMBOL TABLE OF MODULE:  .\Objects\EXP-15 (MAIN15)

  VALUE           TYPE          NAME
  ----------------------------------

  -------         MODULE        MAIN15
  C:0000H         SYMBOL        _ICE_DUMMY_
  D:0080H         PUBLIC        P0
  D:0090H         PUBLIC        P1
  D:00A0H         PUBLIC        P2
  C:088CH         PUBLIC        main
  D:0008H         PUBLIC        ones
  D:0009H         PUBLIC        tens
BL51 BANKED LINKER/LOCATER V6.22.4.0                                                  08/05/2026  18:50:20  PAGE 2


  D:000AH         PUBLIC        hex
  D:000BH         PUBLIC        hundreds
  -------         PROC          MAIN
  C:088CH         LINE#         6
  C:088CH         LINE#         7
  C:088CH         LINE#         8
  C:0894H         LINE#         9
  C:08A2H         LINE#         10
  C:08ABH         LINE#         12
  C:08AEH         LINE#         13
  C:08B1H         LINE#         14
  C:08B4H         LINE#         16
  -------         ENDPROC       MAIN
  -------         ENDMOD        MAIN15

******************************************************************************
* RESTRICTED VERSION WITH 0800H BYTE CODE SIZE LIMIT; USED: 002DH BYTE ( 2%) *
******************************************************************************

Program Size: data=13.0 xdata=0 code=189
LINK/LOCATE RUN COMPLETE.  0 WARNING(S),  0 ERROR(S)
