BL51 BANKED LINKER/LOCATER V6.22.4.0                                                    08/05/2026  18:47:36  PAGE 1


BL51 BANKED LINKER/LOCATER V6.22.4.0, INVOKED BY:
C:\KEIL_V5\C51\BIN\BL51.EXE .\Objects\main14.obj TO .\Objects\EXP-14 PRINT (.\Listings\EXP-14.m51)


MEMORY MODEL: SMALL


INPUT MODULES INCLUDED:
  .\Objects\main14.obj (MAIN14)
  C:\KEIL_V5\C51\LIB\C51S.LIB (?C_STARTUP)
  C:\KEIL_V5\C51\LIB\C51S.LIB (?C_INIT)


LINK MAP OF MODULE:  .\Objects\EXP-14 (MAIN14)


            TYPE    BASE      LENGTH    RELOCATION   SEGMENT NAME
            -----------------------------------------------------

            * * * * * * *   D A T A   M E M O R Y   * * * * * * *
            REG     0000H     0008H     ABSOLUTE     "REG BANK 0"
            DATA    0008H     000CH     UNIT         ?DT?MAIN14
            IDATA   0014H     0001H     UNIT         ?STACK

            * * * * * * *   C O D E   M E M O R Y   * * * * * * *
            CODE    0000H     0003H     ABSOLUTE     
                    0003H     07FDH                  *** GAP ***
            CODE    0800H     008CH     UNIT         ?C_C51STARTUP
            CODE    088CH     0010H     UNIT         ?PR?MAIN?MAIN14
            CODE    089CH     000FH     UNIT         ?C_INITSEG



OVERLAY MAP OF MODULE:   .\Objects\EXP-14 (MAIN14)


SEGMENT
  +--> CALLED SEGMENT
---------------------
?C_C51STARTUP
  +--> ?PR?MAIN?MAIN14
  +--> ?C_INITSEG



SYMBOL TABLE OF MODULE:  .\Objects\EXP-14 (MAIN14)

  VALUE           TYPE          NAME
  ----------------------------------

  -------         MODULE        MAIN14
  C:0000H         SYMBOL        _ICE_DUMMY_
  D:0090H         PUBLIC        P1
  C:088CH         PUBLIC        main
  D:0008H         PUBLIC        msg
  -------         PROC          MAIN
  -------         DO            
  D:0007H         SYMBOL        i
BL51 BANKED LINKER/LOCATER V6.22.4.0                                                  08/05/2026  18:47:36  PAGE 2


  -------         ENDDO         
  C:088CH         LINE#         5
  C:088CH         LINE#         6
  C:088CH         LINE#         9
  C:0895H         LINE#         10
  C:0895H         LINE#         11
  C:0897H         LINE#         12
  C:089AH         LINE#         14
  -------         ENDPROC       MAIN
  -------         ENDMOD        MAIN14

******************************************************************************
* RESTRICTED VERSION WITH 0800H BYTE CODE SIZE LIMIT; USED: 001EH BYTE ( 1%) *
******************************************************************************

Program Size: data=21.0 xdata=0 code=174
LINK/LOCATE RUN COMPLETE.  0 WARNING(S),  0 ERROR(S)
