BL51 BANKED LINKER/LOCATER V6.22.4.0                                                    08/05/2026  18:40:42  PAGE 1


BL51 BANKED LINKER/LOCATER V6.22.4.0, INVOKED BY:
C:\KEIL_V5\C51\BIN\BL51.EXE .\Objects\STARTUP.obj, .\Objects\main12.obj TO .\Objects\EXP-12 PRINT (.\Listings\EXP-12.m51
>> )


MEMORY MODEL: SMALL


INPUT MODULES INCLUDED:
  .\Objects\STARTUP.obj (?C_STARTUP)
  .\Objects\main12.obj (MAIN12)
  C:\KEIL_V5\C51\LIB\C51S.LIB (?C_INIT)
  C:\KEIL_V5\C51\LIB\C51S.LIB (?C?LIMUL)


LINK MAP OF MODULE:  .\Objects\EXP-12 (?C_STARTUP)


            TYPE    BASE      LENGTH    RELOCATION   SEGMENT NAME
            -----------------------------------------------------

            * * * * * * *   D A T A   M E M O R Y   * * * * * * *
            REG     0000H     0008H     ABSOLUTE     "REG BANK 0"
            DATA    0008H     0008H     UNIT         ?DT?MAIN12
            IDATA   0010H     0001H     UNIT         ?STACK

            * * * * * * *   C O D E   M E M O R Y   * * * * * * *
            CODE    0000H     0003H     ABSOLUTE     
                    0003H     07FDH                  *** GAP ***
            CODE    0800H     008CH     UNIT         ?C_C51STARTUP
            CODE    088CH     002DH     UNIT         ?C?LIB_CODE
            CODE    08B9H     0015H     UNIT         ?PR?MAIN?MAIN12
            CODE    08CEH     0009H     UNIT         ?C_INITSEG



OVERLAY MAP OF MODULE:   .\Objects\EXP-12 (?C_STARTUP)


SEGMENT
  +--> CALLED SEGMENT
---------------------
?C_C51STARTUP
  +--> ?PR?MAIN?MAIN12
  +--> ?C_INITSEG



SYMBOL TABLE OF MODULE:  .\Objects\EXP-12 (?C_STARTUP)

  VALUE           TYPE          NAME
  ----------------------------------

  -------         MODULE        ?C_STARTUP
  C:0800H         SEGMENT       ?C_C51STARTUP
  I:0010H         SEGMENT       ?STACK
  C:0000H         PUBLIC        ?C_STARTUP
  D:00E0H         SYMBOL        ACC
BL51 BANKED LINKER/LOCATER V6.22.4.0                                                  08/05/2026  18:40:42  PAGE 2


  D:00F0H         SYMBOL        B
  D:0083H         SYMBOL        DPH
  D:0082H         SYMBOL        DPL
  N:0000H         SYMBOL        IBPSTACK
  N:0100H         SYMBOL        IBPSTACKTOP
  N:0080H         SYMBOL        IDATALEN
  C:0803H         SYMBOL        IDATALOOP
  N:0000H         SYMBOL        PBPSTACK
  N:0100H         SYMBOL        PBPSTACKTOP
  N:0000H         SYMBOL        PDATALEN
  N:0000H         SYMBOL        PDATASTART
  N:0000H         SYMBOL        PPAGE
  N:0000H         SYMBOL        PPAGEENABLE
  D:00A0H         SYMBOL        PPAGE_SFR
  D:0081H         SYMBOL        SP
  C:0800H         SYMBOL        STARTUP1
  N:0000H         SYMBOL        XBPSTACK
  N:0000H         SYMBOL        XBPSTACKTOP
  N:0000H         SYMBOL        XDATALEN
  N:0000H         SYMBOL        XDATASTART
  C:0000H         LINE#         126
  C:0800H         LINE#         133
  C:0802H         LINE#         134
  C:0803H         LINE#         135
  C:0804H         LINE#         136
  C:0806H         LINE#         185
  C:0809H         LINE#         196
  -------         ENDMOD        ?C_STARTUP

  -------         MODULE        MAIN12
  C:0000H         SYMBOL        _ICE_DUMMY_
  D:0008H         PUBLIC        num1
  D:000AH         PUBLIC        num2
  D:000CH         PUBLIC        result
  C:08B9H         PUBLIC        main
  -------         PROC          MAIN
  C:08B9H         LINE#         7
  C:08B9H         LINE#         8
  C:08B9H         LINE#         9
  C:08CCH         LINE#         11
  -------         ENDPROC       MAIN
  -------         ENDMOD        MAIN12

  -------         MODULE        ?C?LIMUL
  C:088CH         PUBLIC        ?C?LIMUL
  -------         ENDMOD        ?C?LIMUL

******************************************************************************
* RESTRICTED VERSION WITH 0800H BYTE CODE SIZE LIMIT; USED: 002CH BYTE ( 2%) *
******************************************************************************

Program Size: data=17.0 xdata=0 code=218
LINK/LOCATE RUN COMPLETE.  0 WARNING(S),  0 ERROR(S)
