C51 COMPILER V9.60.7.0   MAIN13                                                            08/05/2026 18:45:08 PAGE 1   


C51 COMPILER V9.60.7.0, COMPILATION OF MODULE MAIN13
OBJECT MODULE PLACED IN .\Objects\main13.obj
COMPILER INVOKED BY: C:\Keil_v5\C51\BIN\C51.EXE main13.c OPTIMIZE(8,SPEED) BROWSE DEBUG OBJECTEXTEND PRINT(.\Listings\ma
                    -in13.lst) TABS(2) OBJECT(.\Objects\main13.obj)

line level    source

   1          #include <reg51.h>
   2          
   3          unsigned int arr[5] = {1000, 2000, 3000, 4000, 5000};
   4          unsigned long sum = 0;
   5          unsigned char i;
   6          
   7          void main()
   8          {
   9   1          for(i = 0; i < 5; i++)
  10   1          {
  11   2              sum = sum + arr[i];
  12   2          }
  13   1      
  14   1          while(1);
  15   1      }


MODULE INFORMATION:   STATIC OVERLAYABLE
   CODE SIZE        =     47    ----
   CONSTANT SIZE    =   ----    ----
   XDATA SIZE       =   ----    ----
   PDATA SIZE       =   ----    ----
   DATA SIZE        =     15    ----
   IDATA SIZE       =   ----    ----
   BIT SIZE         =   ----    ----
END OF MODULE INFORMATION.


C51 COMPILATION COMPLETE.  0 WARNING(S),  0 ERROR(S)
