C51 COMPILER V9.60.7.0   MAIN15                                                            08/05/2026 18:50:20 PAGE 1   


C51 COMPILER V9.60.7.0, COMPILATION OF MODULE MAIN15
OBJECT MODULE PLACED IN .\Objects\main15.obj
COMPILER INVOKED BY: C:\Keil_v5\C51\BIN\C51.EXE main15.c OPTIMIZE(8,SPEED) BROWSE DEBUG OBJECTEXTEND PRINT(.\Listings\ma
                    -in15.lst) TABS(2) OBJECT(.\Objects\main15.obj)

line level    source

   1          #include <reg51.h>
   2          
   3          unsigned char hex = 0x7B;
   4          unsigned char hundreds, tens, ones;
   5          
   6          void main()
   7          {
   8   1          hundreds = hex / 100;
   9   1          tens = (hex % 100) / 10;
  10   1          ones = hex % 10;
  11   1      
  12   1          P0 = hundreds;
  13   1          P1 = tens;
  14   1          P2 = ones;
  15   1      
  16   1          while(1);
  17   1      }


MODULE INFORMATION:   STATIC OVERLAYABLE
   CODE SIZE        =     42    ----
   CONSTANT SIZE    =   ----    ----
   XDATA SIZE       =   ----    ----
   PDATA SIZE       =   ----    ----
   DATA SIZE        =      4    ----
   IDATA SIZE       =   ----    ----
   BIT SIZE         =   ----    ----
END OF MODULE INFORMATION.


C51 COMPILATION COMPLETE.  0 WARNING(S),  0 ERROR(S)
