C51 COMPILER V9.60.7.0   MAIN14                                                            08/05/2026 18:47:36 PAGE 1   


C51 COMPILER V9.60.7.0, COMPILATION OF MODULE MAIN14
OBJECT MODULE PLACED IN .\Objects\main14.obj
COMPILER INVOKED BY: C:\Keil_v5\C51\BIN\C51.EXE main14.c OPTIMIZE(8,SPEED) BROWSE DEBUG OBJECTEXTEND PRINT(.\Listings\ma
                    -in14.lst) TABS(2) OBJECT(.\Objects\main14.obj)

line level    source

   1          #include <reg51.h>
   2          
   3          char msg[] = "Hello World";
   4          
   5          void main()
   6          {
   7   1          unsigned char i;
   8   1      
   9   1          for(i = 0; msg[i] != '\0'; i++)
  10   1          {
  11   2              P1 = msg[i];      // Send ASCII character to Port 1
  12   2          }
  13   1      
  14   1          while(1);
  15   1      }


MODULE INFORMATION:   STATIC OVERLAYABLE
   CODE SIZE        =     16    ----
   CONSTANT SIZE    =   ----    ----
   XDATA SIZE       =   ----    ----
   PDATA SIZE       =   ----    ----
   DATA SIZE        =     12    ----
   IDATA SIZE       =   ----    ----
   BIT SIZE         =   ----    ----
END OF MODULE INFORMATION.


C51 COMPILATION COMPLETE.  0 WARNING(S),  0 ERROR(S)
